Starting 2D Brusselator Simulation...
Grid: 40x40
Domain: 0.195m x 0.195m
Method: Explicit RK4
Reactions: Enabled
Time step: dt = 0.02 s
Applied initial perturbations.
Assembling sparse matrices...
Starting time integration...
Time: 2.000 s | Step: 100
Time: 4.000 s | Step: 200
Time: 6.000 s | Step: 300
Time: 8.000 s | Step: 400
Time: 10.000 s | Step: 500
Time: 12.000 s | Step: 600
Time: 14.000 s | Step: 700
Time: 16.000 s | Step: 800
Time: 18.000 s | Step: 900
Time: 20.000 s | Step: 1000
Time: 22.000 s | Step: 1100
Time: 24.000 s | Step: 1200
Time: 26.000 s | Step: 1300
Time: 28.000 s | Step: 1400
Time: 30.000 s | Step: 1500
Time: 30.000 s | Step: 1501
Simulation completed successfully.

real	0m3.100s
user	0m2.631s
sys	0m0.119s
