Starting 2D Brusselator Simulation...
Grid: 40x40
Domain: 0.195m x 0.195m
Method: Implicit Euler (Newton)
Reactions: Enabled
Time step: dt = 0.02 s
Applied initial perturbations.
Assembling sparse matrices...
Starting time integration...
Time: 0.200 s | Step: 10 | Newton Iterations: 2
Time: 0.400 s | Step: 20 | Newton Iterations: 2
Time: 0.600 s | Step: 30 | Newton Iterations: 2
Time: 0.800 s | Step: 40 | Newton Iterations: 2
Time: 1.000 s | Step: 50 | Newton Iterations: 2
Time: 1.200 s | Step: 60 | Newton Iterations: 2
Time: 1.400 s | Step: 70 | Newton Iterations: 1
Time: 1.600 s | Step: 80 | Newton Iterations: 2
Time: 1.800 s | Step: 90 | Newton Iterations: 2
Time: 2.000 s | Step: 100 | Newton Iterations: 1
Time: 2.200 s | Step: 110 | Newton Iterations: 1
Time: 2.400 s | Step: 120 | Newton Iterations: 1
Time: 2.600 s | Step: 130 | Newton Iterations: 1
Time: 2.800 s | Step: 140 | Newton Iterations: 1
Time: 3.000 s | Step: 150 | Newton Iterations: 1
Time: 3.200 s | Step: 160 | Newton Iterations: 1
Time: 3.400 s | Step: 170 | Newton Iterations: 1
Time: 3.600 s | Step: 180 | Newton Iterations: 1
Time: 3.800 s | Step: 190 | Newton Iterations: 1
Time: 4.000 s | Step: 200 | Newton Iterations: 1
Time: 4.200 s | Step: 210 | Newton Iterations: 1
Time: 4.400 s | Step: 220 | Newton Iterations: 1
Time: 4.600 s | Step: 230 | Newton Iterations: 1
Time: 4.800 s | Step: 240 | Newton Iterations: 1
Time: 5.000 s | Step: 250 | Newton Iterations: 1
Time: 5.000 s | Step: 251 | Newton Iterations: 0
Simulation completed successfully.
Total Newton Iterations: 335

real	5m6.920s
user	1m18.030s
sys	0m0.228s
