Starting 2D Brusselator Simulation...
Grid: 40x40
Domain: 0.195m x 0.195m
Method: Explicit RK4
Reactions: Enabled
Time step: dt = 0.04 s
Applied initial perturbations.
Assembling sparse matrices...
Starting time integration...
Time: 4.000 s | Step: 100
Time: 8.000 s | Step: 200
Time: 12.000 s | Step: 300
Time: 16.000 s | Step: 400
Time: 20.000 s | Step: 500
Time: 24.000 s | Step: 600
Time: 28.000 s | Step: 700
Time: 30.000 s | Step: 751
Simulation completed successfully.

real	0m1.733s
user	0m1.402s
sys	0m0.088s
