Starting 2D Brusselator Simulation...
Grid: 40x40
Domain: 0.195m x 0.195m
Method: Implicit Euler (Newton)
Reactions: Enabled
Time step: dt = 0.05 s
Applied initial perturbations.
Assembling sparse matrices...
Starting time integration...
Time: 0.500 s | Step: 10 | Newton Iterations: 3
Time: 1.000 s | Step: 20 | Newton Iterations: 2
Time: 1.500 s | Step: 30 | Newton Iterations: 2
Time: 2.000 s | Step: 40 | Newton Iterations: 2
Time: 2.500 s | Step: 50 | Newton Iterations: 2
Time: 3.000 s | Step: 60 | Newton Iterations: 2
Time: 3.500 s | Step: 70 | Newton Iterations: 2
Time: 4.000 s | Step: 80 | Newton Iterations: 2
Time: 4.500 s | Step: 90 | Newton Iterations: 2
Time: 5.000 s | Step: 100 | Newton Iterations: 2
Time: 5.000 s | Step: 101 | Newton Iterations: 0
Simulation completed successfully.
Total Newton Iterations: 213

real	0m0.718s
user	0m0.675s
sys	0m0.086s
