Starting 2D Brusselator Simulation...
Grid: 40x40
Domain: 0.195m x 0.195m
Method: Explicit RK4
Reactions: Enabled
Time step: dt = 0.03 s
Applied initial perturbations.
Assembling sparse matrices...
Starting time integration...
Time: 3.000 s | Step: 100
Time: 6.000 s | Step: 200
Time: 9.000 s | Step: 300
Time: 12.000 s | Step: 400
Time: 15.000 s | Step: 500
Time: 18.000 s | Step: 600
Time: 21.000 s | Step: 700
Time: 24.000 s | Step: 800
Time: 27.000 s | Step: 900
Time: 30.000 s | Step: 1000
Simulation completed successfully.

real	0m2.150s
user	0m1.807s
sys	0m0.101s
